digits: '3'
output: <?xml version="1.0" encoding="UTF-8"?><Response><Say voice="Polly.Matthew-Neural">Please
  leave a reply after you hear a beep. Press the pound sign to finish recording.</Say><Record
  action="/voice-reply-callback" maxLength="120" method="POST" playBeep="true" transcribeCallback="/transcribe-callback"
  /></Response>
