output: <?xml version="1.0" encoding="UTF-8"?><Response><Say voice="Polly.Matthew-Neural">Thank
  you. Your reply will be delivered to From. I hope you have a nice day.</Say><Pause
  length="1" /><Hangup /></Response>
